==========================================================
Test: aggregation | Volume: 1000 requests | Target: https://app.localhost/reports/top_selling_books
Timestamp: Wed Sep 23 21:24:32 UTC 2026
==========================================================
--- Sending Warm-Up Request ---
Warm-up HTTP Status: 200 | Total Time: 0.020930s

--- Resource Baseline BEFORE Test ---
NAME                         CPU %     MEM USAGE / LIMIT
software_arch_haproxy        0.08%     158MiB / 15.27GiB
software_arch_team_4-web-1   0.40%     140.4MiB / 15.27GiB
software_arch_team_4-web-3   0.15%     137.9MiB / 15.27GiB
software_arch_team_4-web-2   0.01%     144.6MiB / 15.27GiB
software_arch_redis          0.38%     5.297MiB / 15.27GiB
software_arch_mongodb        0.64%     192.2MiB / 15.27GiB
software_arch_meilisearch    0.15%     9.914MiB / 15.27GiB

--- k6 Execution Output ---

         /\      Grafana   /‾‾/  
    /\  /  \     |\  __   /  /   
   /  \/    \    | |/ /  /   ‾‾\ 
  /          \   |   (  |  (‾)  |
 / __________ \  |_|\_\  \_____/ 


     execution: local
        script: -
        output: -

     scenarios: (100.00%) 1 scenario, 50 max VUs, 10m30s max duration (incl. graceful stop):
              * default: 1000 iterations shared among 50 VUs (maxDuration: 10m0s, gracefulStop: 30s)


running (00m01.0s), 50/50 VUs, 146 complete and 0 interrupted iterations
default   [  15% ] 50 VUs  00m01.0s/10m0s  0146/1000 shared iters

running (00m02.0s), 50/50 VUs, 305 complete and 0 interrupted iterations
default   [  30% ] 50 VUs  00m02.0s/10m0s  0305/1000 shared iters

running (00m03.0s), 50/50 VUs, 460 complete and 0 interrupted iterations
default   [  46% ] 50 VUs  00m03.0s/10m0s  0460/1000 shared iters

running (00m04.0s), 50/50 VUs, 621 complete and 0 interrupted iterations
default   [  62% ] 50 VUs  00m04.0s/10m0s  0621/1000 shared iters

running (00m05.0s), 50/50 VUs, 784 complete and 0 interrupted iterations
default   [  78% ] 50 VUs  00m05.0s/10m0s  0784/1000 shared iters

running (00m06.0s), 50/50 VUs, 949 complete and 0 interrupted iterations
default   [  95% ] 50 VUs  00m06.0s/10m0s  0949/1000 shared iters


  █ TOTAL RESULTS 

    checks_total.......: 1000    157.869029/s
    checks_succeeded...: 100.00% 1000 out of 1000
    checks_failed......: 0.00%   0 out of 1000

    ✓ status is 200

    HTTP
    http_req_duration..............: avg=308.27ms min=27.39ms med=311.39ms max=390.75ms p(90)=346.41ms p(95)=352.66ms
      { expected_response:true }...: avg=308.27ms min=27.39ms med=311.39ms max=390.75ms p(90)=346.41ms p(95)=352.66ms
    http_req_failed................: 0.00%  0 out of 1000
    http_reqs......................: 1000   157.869029/s

    EXECUTION
    iteration_duration.............: avg=309.22ms min=35.75ms med=312.12ms max=390.91ms p(90)=346.66ms p(95)=352.8ms 
    iterations.....................: 1000   157.869029/s
    vus............................: 50     min=50        max=50
    vus_max........................: 50     min=50        max=50

    NETWORK
    data_received..................: 48 MB  7.5 MB/s
    data_sent......................: 188 kB 30 kB/s




running (00m06.3s), 00/50 VUs, 1000 complete and 0 interrupted iterations
default ✓ [ 100% ] 50 VUs  00m06.3s/10m0s  1000/1000 shared iters

--- Resource Usage AFTER/PEAK Test ---
NAME                         CPU %     MEM USAGE / LIMIT
software_arch_haproxy        0.03%     157.1MiB / 15.27GiB
software_arch_team_4-web-1   0.03%     141.3MiB / 15.27GiB
software_arch_team_4-web-3   0.03%     140.4MiB / 15.27GiB
software_arch_team_4-web-2   0.03%     142.5MiB / 15.27GiB
software_arch_redis          2.15%     5.535MiB / 15.27GiB
software_arch_mongodb        1.17%     191.1MiB / 15.27GiB
software_arch_meilisearch    0.14%     8.48MiB / 15.27GiB

--- Process Thread Counts ---
Container software_arch_haproxy: 19 threads
Container software_arch_team_4-web-1: 16 threads
Container software_arch_team_4-web-3: 16 threads
Container software_arch_team_4-web-2: 16 threads
Container software_arch_redis: 9 threads
Container software_arch_mongodb: 64 threads
Container software_arch_meilisearch: 23 threads
==========================================================
