==========================================================
Test: aggregation | Volume: 100 requests | Target: https://app.localhost/reports/top_selling_books
Timestamp: Wed Sep 23 21:24:22 UTC 2026
==========================================================
--- Sending Warm-Up Request ---
Warm-up HTTP Status: 200 | Total Time: 0.022021s

--- Resource Baseline BEFORE Test ---
NAME                         CPU %     MEM USAGE / LIMIT
software_arch_haproxy        0.10%     157.9MiB / 15.27GiB
software_arch_team_4-web-1   0.43%     123.8MiB / 15.27GiB
software_arch_team_4-web-3   0.17%     121.2MiB / 15.27GiB
software_arch_team_4-web-2   0.01%     122.6MiB / 15.27GiB
software_arch_redis          0.42%     5.336MiB / 15.27GiB
software_arch_mongodb        0.70%     191.9MiB / 15.27GiB
software_arch_meilisearch    0.14%     10.5MiB / 15.27GiB

--- k6 Execution Output ---

         /\      Grafana   /‾‾/  
    /\  /  \     |\  __   /  /   
   /  \/    \    | |/ /  /   ‾‾\ 
  /          \   |   (  |  (‾)  |
 / __________ \  |_|\_\  \_____/ 


     execution: local
        script: -
        output: -

     scenarios: (100.00%) 1 scenario, 50 max VUs, 10m30s max duration (incl. graceful stop):
              * default: 100 iterations shared among 50 VUs (maxDuration: 10m0s, gracefulStop: 30s)



  █ TOTAL RESULTS 

    checks_total.......: 100     146.099885/s
    checks_succeeded...: 100.00% 100 out of 100
    checks_failed......: 0.00%   0 out of 100

    ✓ status is 200

    HTTP
    http_req_duration..............: avg=256.77ms min=46.05ms med=298.82ms max=369.12ms p(90)=347.97ms p(95)=354.57ms
      { expected_response:true }...: avg=256.77ms min=46.05ms med=298.82ms max=369.12ms p(90)=347.97ms p(95)=354.57ms
    http_req_failed................: 0.00%  0 out of 100
    http_reqs......................: 100    146.099885/s

    EXECUTION
    iteration_duration.............: avg=267.43ms min=64.37ms med=301.71ms max=388.31ms p(90)=348.78ms p(95)=363.95ms
    iterations.....................: 100    146.099885/s

    NETWORK
    data_received..................: 4.9 MB 7.1 MB/s
    data_sent......................: 101 kB 148 kB/s




running (00m00.7s), 00/50 VUs, 100 complete and 0 interrupted iterations
default ✓ [ 100% ] 50 VUs  00m00.7s/10m0s  100/100 shared iters

--- Resource Usage AFTER/PEAK Test ---
NAME                         CPU %     MEM USAGE / LIMIT
software_arch_haproxy        0.03%     156.8MiB / 15.27GiB
software_arch_team_4-web-1   0.01%     139.9MiB / 15.27GiB
software_arch_team_4-web-3   0.01%     138.4MiB / 15.27GiB
software_arch_team_4-web-2   0.04%     143.1MiB / 15.27GiB
software_arch_redis          2.06%     8.055MiB / 15.27GiB
software_arch_mongodb        0.63%     191.1MiB / 15.27GiB
software_arch_meilisearch    1.83%     11.86MiB / 15.27GiB

--- Process Thread Counts ---
Container software_arch_haproxy: 20 threads
Container software_arch_team_4-web-1: 15 threads
Container software_arch_team_4-web-3: 16 threads
Container software_arch_team_4-web-2: 16 threads
Container software_arch_redis: 9 threads
Container software_arch_mongodb: 62 threads
Container software_arch_meilisearch: 23 threads
==========================================================
