==========================================================
Test: dynamic_read | Volume: 10 requests | Target: https://app.localhost/books/6a867bf64d01d5c7c51115c4
Timestamp: Wed Sep 23 21:20:01 UTC 2026
==========================================================
--- Sending Warm-Up Request ---
Warm-up HTTP Status: 200 | Total Time: 0.028935s

--- Resource Baseline BEFORE Test ---
NAME                        CPU %     MEM USAGE / LIMIT
software_arch_haproxy       0.00%     158.3MiB / 15.27GiB
software_arch_web           0.01%     186.3MiB / 15.27GiB
software_arch_redis         2.13%     5.586MiB / 15.27GiB
software_arch_mongodb       0.65%     195.1MiB / 15.27GiB
software_arch_meilisearch   1.78%     11.24MiB / 15.27GiB

--- k6 Execution Output ---

         /\      Grafana   /‾‾/  
    /\  /  \     |\  __   /  /   
   /  \/    \    | |/ /  /   ‾‾\ 
  /          \   |   (  |  (‾)  |
 / __________ \  |_|\_\  \_____/ 


     execution: local
        script: -
        output: -

     scenarios: (100.00%) 1 scenario, 10 max VUs, 10m30s max duration (incl. graceful stop):
              * default: 10 iterations shared among 10 VUs (maxDuration: 10m0s, gracefulStop: 30s)



  █ TOTAL RESULTS 

    checks_total.......: 10      51.405175/s
    checks_succeeded...: 100.00% 10 out of 10
    checks_failed......: 0.00%   0 out of 10

    ✓ status is 200

    HTTP
    http_req_duration..............: avg=117.68ms min=52.27ms med=112.75ms max=186.35ms p(90)=175.02ms p(95)=180.69ms
      { expected_response:true }...: avg=117.68ms min=52.27ms med=112.75ms max=186.35ms p(90)=175.02ms p(95)=180.69ms
    http_req_failed................: 0.00%  0 out of 10
    http_reqs......................: 10     51.405175/s

    EXECUTION
    iteration_duration.............: avg=124.86ms min=58.43ms med=120.07ms max=194.39ms p(90)=182.52ms p(95)=188.46ms
    iterations.....................: 10     51.405175/s

    NETWORK
    data_received..................: 210 kB 1.1 MB/s
    data_sent......................: 19 kB  99 kB/s




running (00m00.2s), 00/10 VUs, 10 complete and 0 interrupted iterations
default ✓ [ 100% ] 10 VUs  00m00.2s/10m0s  10/10 shared iters

--- Resource Usage AFTER/PEAK Test ---
NAME                        CPU %     MEM USAGE / LIMIT
software_arch_haproxy       0.06%     157.4MiB / 15.27GiB
software_arch_web           0.51%     182.2MiB / 15.27GiB
software_arch_redis         0.42%     4.434MiB / 15.27GiB
software_arch_mongodb       0.86%     194.1MiB / 15.27GiB
software_arch_meilisearch   0.11%     8.613MiB / 15.27GiB

--- Process Thread Counts ---
Container software_arch_haproxy: 20 threads
Container software_arch_web: 16 threads
Container software_arch_redis: 9 threads
Container software_arch_mongodb: 54 threads
Container software_arch_meilisearch: 23 threads
==========================================================
