==========================================================
Test: dynamic_read | Volume: 1 requests | Target: https://app.localhost/books/6a867bf64d01d5c7c51115c4
Timestamp: Wed Sep 23 21:19:52 UTC 2026
==========================================================
--- Sending Warm-Up Request ---
Warm-up HTTP Status: 200 | Total Time: 0.043236s

--- Resource Baseline BEFORE Test ---
NAME                        CPU %     MEM USAGE / LIMIT
software_arch_haproxy       0.00%     158.7MiB / 15.27GiB
software_arch_web           0.03%     186.3MiB / 15.27GiB
software_arch_redis         0.40%     5.793MiB / 15.27GiB
software_arch_mongodb       0.58%     194.8MiB / 15.27GiB
software_arch_meilisearch   0.13%     10.91MiB / 15.27GiB

--- k6 Execution Output ---

         /\      Grafana   /‾‾/  
    /\  /  \     |\  __   /  /   
   /  \/    \    | |/ /  /   ‾‾\ 
  /          \   |   (  |  (‾)  |
 / __________ \  |_|\_\  \_____/ 


     execution: local
        script: -
        output: -

     scenarios: (100.00%) 1 scenario, 1 max VUs, 10m30s max duration (incl. graceful stop):
              * default: 1 iterations shared among 1 VUs (maxDuration: 10m0s, gracefulStop: 30s)



  █ TOTAL RESULTS 

    checks_total.......: 1       43.584284/s
    checks_succeeded...: 100.00% 1 out of 1
    checks_failed......: 0.00%   0 out of 1

    ✓ status is 200

    HTTP
    http_req_duration..............: avg=16.08ms min=16.08ms med=16.08ms max=16.08ms p(90)=16.08ms p(95)=16.08ms
      { expected_response:true }...: avg=16.08ms min=16.08ms med=16.08ms max=16.08ms p(90)=16.08ms p(95)=16.08ms
    http_req_failed................: 0.00%  0 out of 1
    http_reqs......................: 1      43.584284/s

    EXECUTION
    iteration_duration.............: avg=22.83ms min=22.83ms med=22.83ms max=22.83ms p(90)=22.83ms p(95)=22.83ms
    iterations.....................: 1      43.584284/s

    NETWORK
    data_received..................: 21 kB  914 kB/s
    data_sent......................: 2.0 kB 86 kB/s




running (00m00.0s), 0/1 VUs, 1 complete and 0 interrupted iterations
default ✓ [ 100% ] 1 VUs  00m00.0s/10m0s  1/1 shared iters

--- Resource Usage AFTER/PEAK Test ---
NAME                        CPU %     MEM USAGE / LIMIT
software_arch_haproxy       0.00%     157.1MiB / 15.27GiB
software_arch_web           0.03%     184.9MiB / 15.27GiB
software_arch_redis         0.43%     3.938MiB / 15.27GiB
software_arch_mongodb       0.56%     193.9MiB / 15.27GiB
software_arch_meilisearch   0.09%     8.512MiB / 15.27GiB

--- Process Thread Counts ---
Container software_arch_haproxy: 20 threads
Container software_arch_web: 16 threads
Container software_arch_redis: 9 threads
Container software_arch_mongodb: 53 threads
Container software_arch_meilisearch: 23 threads
==========================================================
