==========================================================
Test: search | Volume: 100 requests | Target: https://app.localhost/search?query=the
Timestamp: Wed Sep 23 21:18:37 UTC 2026
==========================================================
--- Sending Warm-Up Request ---
Warm-up HTTP Status: 200 | Total Time: 0.012813s

--- Resource Baseline BEFORE Test ---
NAME                        CPU %     MEM USAGE / LIMIT
software_arch_haproxy       0.00%     158MiB / 15.27GiB
software_arch_web           0.20%     176MiB / 15.27GiB
software_arch_redis         0.38%     5.402MiB / 15.27GiB
software_arch_mongodb       0.74%     195.3MiB / 15.27GiB
software_arch_meilisearch   0.13%     10.41MiB / 15.27GiB

--- k6 Execution Output ---

         /\      Grafana   /‾‾/  
    /\  /  \     |\  __   /  /   
   /  \/    \    | |/ /  /   ‾‾\ 
  /          \   |   (  |  (‾)  |
 / __________ \  |_|\_\  \_____/ 


     execution: local
        script: -
        output: -

     scenarios: (100.00%) 1 scenario, 50 max VUs, 10m30s max duration (incl. graceful stop):
              * default: 100 iterations shared among 50 VUs (maxDuration: 10m0s, gracefulStop: 30s)



  █ TOTAL RESULTS 

    checks_total.......: 100     117.098662/s
    checks_succeeded...: 100.00% 100 out of 100
    checks_failed......: 0.00%   0 out of 100

    ✓ status is 200

    HTTP
    http_req_duration..............: avg=328.79ms min=26.51ms med=395.99ms max=455.24ms p(90)=443.2ms  p(95)=448.79ms
      { expected_response:true }...: avg=328.79ms min=26.51ms med=395.99ms max=455.24ms p(90)=443.2ms  p(95)=448.79ms
    http_req_failed................: 0.00%  0 out of 100
    http_reqs......................: 100    117.098662/s

    EXECUTION
    iteration_duration.............: avg=336.02ms min=34.03ms med=397.46ms max=476.71ms p(90)=446.87ms p(95)=449.63ms
    iterations.....................: 100    117.098662/s

    NETWORK
    data_received..................: 898 kB 1.1 MB/s
    data_sent......................: 97 kB  114 kB/s




running (00m00.9s), 00/50 VUs, 100 complete and 0 interrupted iterations
default ✓ [ 100% ] 50 VUs  00m00.9s/10m0s  100/100 shared iters

--- Resource Usage AFTER/PEAK Test ---
NAME                        CPU %     MEM USAGE / LIMIT
software_arch_haproxy       0.01%     157.1MiB / 15.27GiB
software_arch_web           0.01%     175.4MiB / 15.27GiB
software_arch_redis         2.27%     5.141MiB / 15.27GiB
software_arch_mongodb       0.55%     193.6MiB / 15.27GiB
software_arch_meilisearch   0.11%     8.516MiB / 15.27GiB

--- Process Thread Counts ---
Container software_arch_haproxy: 20 threads
Container software_arch_web: 15 threads
Container software_arch_redis: 9 threads
Container software_arch_mongodb: 54 threads
Container software_arch_meilisearch: 22 threads
==========================================================
